{
  "time": "2026-07-29T07:44:45.778Z",
  "method": "OPTIONS",
  "url": "/api/auth/login",
  "headers": {
    "host": "localhost:5000",
    "connection": "keep-alive",
    "accept": "*/*",
    "access-control-request-method": "POST",
    "access-control-request-headers": "content-type",
    "origin": "http://localhost:5175",
    "user-agent": "Mozilla/5.0 (Windows NT 10.0; Win64; x64) AppleWebKit/537.36 (KHTML, like Gecko) Chrome/150.0.0.0 Safari/537.36 Edg/150.0.0.0",
    "sec-fetch-mode": "cors",
    "sec-fetch-site": "same-site",
    "sec-fetch-dest": "empty",
    "referer": "http://localhost:5175/",
    "accept-encoding": "gzip, deflate, br, zstd",
    "accept-language": "en-US,en;q=0.9"
  },
  "error": "Error: CORS policy does not allow access from origin http://localhost:5175\n    at origin (C:\\Users\\Ramde\\my-project\\genge-smart-system\\backend\\server.js:34:18)\n    at C:\\Users\\Ramde\\my-project\\genge-smart-system\\backend\\node_modules\\cors\\lib\\index.js:219:13\n    at optionsCallback (C:\\Users\\Ramde\\my-project\\genge-smart-system\\backend\\node_modules\\cors\\lib\\index.js:199:9)\n    at corsMiddleware (C:\\Users\\Ramde\\my-project\\genge-smart-system\\backend\\node_modules\\cors\\lib\\index.js:204:7)\n    at Layer.handleRequest (C:\\Users\\Ramde\\my-project\\genge-smart-system\\backend\\node_modules\\router\\lib\\layer.js:152:17)\n    at trimPrefix (C:\\Users\\Ramde\\my-project\\genge-smart-system\\backend\\node_modules\\router\\index.js:342:13)\n    at C:\\Users\\Ramde\\my-project\\genge-smart-system\\backend\\node_modules\\router\\index.js:297:9\n    at processParams (C:\\Users\\Ramde\\my-project\\genge-smart-system\\backend\\node_modules\\router\\index.js:582:12)\n    at next (C:\\Users\\Ramde\\my-project\\genge-smart-system\\backend\\node_modules\\router\\index.js:291:5)\n    at router.handle (C:\\Users\\Ramde\\my-project\\genge-smart-system\\backend\\node_modules\\router\\index.js:186:3)"
}
---
{
  "time": "2026-07-29T07:45:54.572Z",
  "method": "OPTIONS",
  "url": "/api/auth/login",
  "headers": {
    "host": "localhost:5000",
    "connection": "keep-alive",
    "accept": "*/*",
    "access-control-request-method": "POST",
    "access-control-request-headers": "content-type",
    "origin": "http://localhost:5175",
    "user-agent": "Mozilla/5.0 (Windows NT 10.0; Win64; x64) AppleWebKit/537.36 (KHTML, like Gecko) Code/1.130.0 Chrome/148.0.7778.280 Electron/42.6.0 Safari/537.36",
    "sec-fetch-mode": "cors",
    "sec-fetch-site": "same-site",
    "sec-fetch-dest": "empty",
    "referer": "http://localhost:5175/",
    "accept-encoding": "gzip, deflate, br, zstd",
    "accept-language": "en-US"
  },
  "error": "Error: CORS policy does not allow access from origin http://localhost:5175\n    at origin (C:\\Users\\Ramde\\my-project\\genge-smart-system\\backend\\server.js:34:18)\n    at C:\\Users\\Ramde\\my-project\\genge-smart-system\\backend\\node_modules\\cors\\lib\\index.js:219:13\n    at optionsCallback (C:\\Users\\Ramde\\my-project\\genge-smart-system\\backend\\node_modules\\cors\\lib\\index.js:199:9)\n    at corsMiddleware (C:\\Users\\Ramde\\my-project\\genge-smart-system\\backend\\node_modules\\cors\\lib\\index.js:204:7)\n    at Layer.handleRequest (C:\\Users\\Ramde\\my-project\\genge-smart-system\\backend\\node_modules\\router\\lib\\layer.js:152:17)\n    at trimPrefix (C:\\Users\\Ramde\\my-project\\genge-smart-system\\backend\\node_modules\\router\\index.js:342:13)\n    at C:\\Users\\Ramde\\my-project\\genge-smart-system\\backend\\node_modules\\router\\index.js:297:9\n    at processParams (C:\\Users\\Ramde\\my-project\\genge-smart-system\\backend\\node_modules\\router\\index.js:582:12)\n    at next (C:\\Users\\Ramde\\my-project\\genge-smart-system\\backend\\node_modules\\router\\index.js:291:5)\n    at router.handle (C:\\Users\\Ramde\\my-project\\genge-smart-system\\backend\\node_modules\\router\\index.js:186:3)"
}
---
