◇ injected env (8) from .env // tip: ⌘ enable debugging { debug: true }
◇ injected env (0) from .env // tip: ⌘ multiple files { path: ['.env.local', '.env'] }
✅ Buyer controller loaded successfully
Notification controller loaded successfully
Delivery controller loaded successfully
 Agent controller loaded successfully
Tracking controller loaded successfully
========================================
Genge Smart System API
========================================
Server running on port 5000
http://localhost:5000
========================================
Routes mounted:
  /api/auth
  /api/seller
  /api/buyer
  /api/admin
  /api/delivery
  /api/agent
  /api/tracking
========================================
Database connected successfully!
[DEBUG] Order status update request {
  id: '17',
  status: 'shipped',
  sellerId: 9,
  body: { status: 'shipped' }
}
Email sent to bu@gmail.com for order #17
PUT /api/seller/orders/17/status 200 - 3417ms
GET /api/buyer/profile 304 - 10ms
GET /api/buyer/profile 304 - 4ms
POST /api/auth/login 200 - 273ms
Dashboard requested for seller: 30
GET /api/seller/dashboard 304 - 4ms
Dashboard requested for seller: 30
GET /api/seller/dashboard 304 - 5ms
[DEBUG] Fetching analytics for Seller ID: 30
[DEBUG] Fetching chart data for Seller ID: 30, Period: 30days
[DEBUG] Analytics chart SQL: SELECT DATE(created_at) as date, COALESCE(SUM(total_price), 0) as amount, COUNT(*) as orders FROM orders WHERE seller_id = ? AND status = 'delivered' AND created_at >= DATE_SUB(NOW(), INTERVAL 30 DAY) GROUP BY 1 ORDER BY 1 ASC
[DEBUG] Raw database result: {
  revenue: '12369.00',
  totalOrders: 4,
  customers: 2,
  completedOrders: '1',
  pendingOrders: '3',
  processingOrders: '0',
  cancelledOrders: '0',
  highestOrder: '12321.00',
  lowestOrder: '12.00'
}
[DEBUG] Sending payload to frontend: {
  revenue: 12369,
  avgOrder: 3092.25,
  totalOrders: 4,
  customers: 2,
  completedOrders: 1,
  pendingOrders: 3,
  processingOrders: 0,
  cancelledOrders: 0,
  highestOrder: 12321,
  lowestOrder: 12,
  conversionRate: 25
}
GET /api/seller/analytics 304 - 27ms
[DEBUG] Chart data found: 1 records
GET /api/seller/analytics/chart 304 - 120ms
[DEBUG] Fetching analytics for Seller ID: 30
[DEBUG] Raw database result: {
  revenue: '12369.00',
  totalOrders: 4,
  customers: 2,
  completedOrders: '1',
  pendingOrders: '3',
  processingOrders: '0',
  cancelledOrders: '0',
  highestOrder: '12321.00',
  lowestOrder: '12.00'
}
[DEBUG] Sending payload to frontend: {
  revenue: 12369,
  avgOrder: 3092.25,
  totalOrders: 4,
  customers: 2,
  completedOrders: 1,
  pendingOrders: 3,
  processingOrders: 0,
  cancelledOrders: 0,
  highestOrder: 12321,
  lowestOrder: 12,
  conversionRate: 25
}
GET /api/seller/analytics 304 - 8ms
[DEBUG] Fetching chart data for Seller ID: 30, Period: 30days
[DEBUG] Analytics chart SQL: SELECT DATE(created_at) as date, COALESCE(SUM(total_price), 0) as amount, COUNT(*) as orders FROM orders WHERE seller_id = ? AND status = 'delivered' AND created_at >= DATE_SUB(NOW(), INTERVAL 30 DAY) GROUP BY 1 ORDER BY 1 ASC
[DEBUG] Chart data found: 1 records
GET /api/seller/analytics/chart 304 - 8ms
GET /api/seller/categories 304 - 8ms
GET /api/seller/categories 304 - 4ms
GET /api/seller/orders?search=&status= 304 - 14ms
[DEBUG] Order status update request {
  id: '18',
  status: 'delivered',
  sellerId: 30,
  body: { status: 'delivered' }
}
Email sent to bu@gmail.com for order #18
PUT /api/seller/orders/18/status 200 - 2741ms
GET /api/seller/orders?search=&status= 200 - 5ms
GET /api/seller/orders?search=&status=Fruits 200 - 12ms
GET /api/seller/orders?search=&status= 304 - 5ms
[DEBUG] Order status update request {
  id: '16',
  status: 'shipped',
  sellerId: 30,
  body: { status: 'shipped' }
}
Email sent to TR@gmail.com for order #16
PUT /api/seller/orders/16/status 200 - 4055ms
GET /api/seller/orders?search=&status= 200 - 5ms
GET /api/seller/categories 304 - 3ms
GET /api/seller/categories 304 - 3ms
GET /api/seller/my-products?search=&category= 404 - 4ms
Dashboard requested for seller: 30
GET /api/seller/dashboard 304 - 2ms
Dashboard requested for seller: 30
GET /api/seller/dashboard 304 - 3ms
[DEBUG] Fetching analytics for Seller ID: 30
[DEBUG] Fetching chart data for Seller ID: 30, Period: 30days
[DEBUG] Analytics chart SQL: SELECT DATE(created_at) as date, COALESCE(SUM(total_price), 0) as amount, COUNT(*) as orders FROM orders WHERE seller_id = ? AND status = 'delivered' AND created_at >= DATE_SUB(NOW(), INTERVAL 30 DAY) GROUP BY 1 ORDER BY 1 ASC
[DEBUG] Raw database result: {
  revenue: '12369.00',
  totalOrders: 4,
  customers: 2,
  completedOrders: '2',
  pendingOrders: '1',
  processingOrders: '0',
  cancelledOrders: '0',
  highestOrder: '12321.00',
  lowestOrder: '12.00'
}
[DEBUG] Sending payload to frontend: {
  revenue: 12369,
  avgOrder: 3092.25,
  totalOrders: 4,
  customers: 2,
  completedOrders: 2,
  pendingOrders: 1,
  processingOrders: 0,
  cancelledOrders: 0,
  highestOrder: 12321,
  lowestOrder: 12,
  conversionRate: 50
}
GET /api/seller/analytics 200 - 11ms
[DEBUG] Fetching analytics for Seller ID: 30
[DEBUG] Chart data found: 2 records
GET /api/seller/analytics/chart 200 - 15ms
[DEBUG] Raw database result: {
  revenue: '12369.00',
  totalOrders: 4,
  customers: 2,
  completedOrders: '2',
  pendingOrders: '1',
  processingOrders: '0',
  cancelledOrders: '0',
  highestOrder: '12321.00',
  lowestOrder: '12.00'
}
[DEBUG] Sending payload to frontend: {
  revenue: 12369,
  avgOrder: 3092.25,
  totalOrders: 4,
  customers: 2,
  completedOrders: 2,
  pendingOrders: 1,
  processingOrders: 0,
  cancelledOrders: 0,
  highestOrder: 12321,
  lowestOrder: 12,
  conversionRate: 50
}
GET /api/seller/analytics 304 - 7ms
[DEBUG] Fetching chart data for Seller ID: 30, Period: 30days
[DEBUG] Analytics chart SQL: SELECT DATE(created_at) as date, COALESCE(SUM(total_price), 0) as amount, COUNT(*) as orders FROM orders WHERE seller_id = ? AND status = 'delivered' AND created_at >= DATE_SUB(NOW(), INTERVAL 30 DAY) GROUP BY 1 ORDER BY 1 ASC
[DEBUG] Chart data found: 2 records
GET /api/seller/analytics/chart 304 - 8ms
GET /api/seller/categories 304 - 4ms
GET /api/seller/categories 304 - 11ms
GET /api/seller/orders?search=&status= 304 - 4ms
GET /api/seller/categories 304 - 3ms
GET /api/seller/categories 304 - 8ms
GET /api/seller/my-products?search=&category= 404 - 3ms
Dashboard requested for seller: 30
GET /api/seller/dashboard 304 - 3ms
Dashboard requested for seller: 30
GET /api/seller/dashboard 304 - 2ms
Dashboard requested for seller: 30
GET /api/seller/dashboard 304 - 3ms
GET /api/buyer/profile 304 - 6ms
Dashboard requested for seller: 30
GET /api/seller/dashboard 304 - 3ms
GET /api/buyer/profile 304 - 2ms
[DEBUG] Fetching analytics for Seller ID: 30
[DEBUG] Fetching chart data for Seller ID: 30, Period: 30days
[DEBUG] Analytics chart SQL: SELECT DATE(created_at) as date, COALESCE(SUM(total_price), 0) as amount, COUNT(*) as orders FROM orders WHERE seller_id = ? AND status = 'delivered' AND created_at >= DATE_SUB(NOW(), INTERVAL 30 DAY) GROUP BY 1 ORDER BY 1 ASC
[DEBUG] Raw database result: {
  revenue: '12369.00',
  totalOrders: 4,
  customers: 2,
  completedOrders: '2',
  pendingOrders: '1',
  processingOrders: '0',
  cancelledOrders: '0',
  highestOrder: '12321.00',
  lowestOrder: '12.00'
}
[DEBUG] Sending payload to frontend: {
  revenue: 12369,
  avgOrder: 3092.25,
  totalOrders: 4,
  customers: 2,
  completedOrders: 2,
  pendingOrders: 1,
  processingOrders: 0,
  cancelledOrders: 0,
  highestOrder: 12321,
  lowestOrder: 12,
  conversionRate: 50
}
GET /api/seller/analytics 304 - 11ms
[DEBUG] Chart data found: 2 records
GET /api/seller/analytics/chart 304 - 12ms
[DEBUG] Fetching analytics for Seller ID: 30
[DEBUG] Raw database result: {
  revenue: '12369.00',
  totalOrders: 4,
  customers: 2,
  completedOrders: '2',
  pendingOrders: '1',
  processingOrders: '0',
  cancelledOrders: '0',
  highestOrder: '12321.00',
  lowestOrder: '12.00'
}
[DEBUG] Sending payload to frontend: {
  revenue: 12369,
  avgOrder: 3092.25,
  totalOrders: 4,
  customers: 2,
  completedOrders: 2,
  pendingOrders: 1,
  processingOrders: 0,
  cancelledOrders: 0,
  highestOrder: 12321,
  lowestOrder: 12,
  conversionRate: 50
}
GET /api/seller/analytics 304 - 7ms
[DEBUG] Fetching chart data for Seller ID: 30, Period: 30days
[DEBUG] Analytics chart SQL: SELECT DATE(created_at) as date, COALESCE(SUM(total_price), 0) as amount, COUNT(*) as orders FROM orders WHERE seller_id = ? AND status = 'delivered' AND created_at >= DATE_SUB(NOW(), INTERVAL 30 DAY) GROUP BY 1 ORDER BY 1 ASC
[DEBUG] Chart data found: 2 records
GET /api/seller/analytics/chart 304 - 8ms
GET /api/seller/categories 304 - 7ms
GET /api/seller/categories 304 - 4ms
GET /api/seller/my-products?search=&category= 404 - 4ms
GET /api/seller/categories 304 - 3ms
GET /api/buyer/profile 304 - 4ms
GET /api/seller/categories 304 - 4ms
GET /api/buyer/profile 304 - 3ms
GET /api/seller/my-products?search=&category= 404 - 2ms
GET /api/seller/my-products?search=&category= 404 - 2ms
GET /api/buyer/profile 304 - 3ms
GET /api/buyer/profile 304 - 3ms
POST /api/auth/login 200 - 159ms
Dashboard requested for seller: 30
GET /api/seller/dashboard 304 - 2ms
Dashboard requested for seller: 30
GET /api/seller/dashboard 304 - 2ms
[DEBUG] Fetching analytics for Seller ID: 30
[DEBUG] Fetching chart data for Seller ID: 30, Period: 30days
[DEBUG] Analytics chart SQL: SELECT DATE(created_at) as date, COALESCE(SUM(total_price), 0) as amount, COUNT(*) as orders FROM orders WHERE seller_id = ? AND status = 'delivered' AND created_at >= DATE_SUB(NOW(), INTERVAL 30 DAY) GROUP BY 1 ORDER BY 1 ASC
[DEBUG] Raw database result: {
  revenue: '12369.00',
  totalOrders: 4,
  customers: 2,
  completedOrders: '2',
  pendingOrders: '1',
  processingOrders: '0',
  cancelledOrders: '0',
  highestOrder: '12321.00',
  lowestOrder: '12.00'
}
[DEBUG] Sending payload to frontend: {
  revenue: 12369,
  avgOrder: 3092.25,
  totalOrders: 4,
  customers: 2,
  completedOrders: 2,
  pendingOrders: 1,
  processingOrders: 0,
  cancelledOrders: 0,
  highestOrder: 12321,
  lowestOrder: 12,
  conversionRate: 50
}
GET /api/seller/analytics 304 - 11ms
[DEBUG] Chart data found: 2 records
GET /api/seller/analytics/chart 304 - 9ms
[DEBUG] Fetching analytics for Seller ID: 30
[DEBUG] Fetching chart data for Seller ID: 30, Period: 30days
[DEBUG] Analytics chart SQL: SELECT DATE(created_at) as date, COALESCE(SUM(total_price), 0) as amount, COUNT(*) as orders FROM orders WHERE seller_id = ? AND status = 'delivered' AND created_at >= DATE_SUB(NOW(), INTERVAL 30 DAY) GROUP BY 1 ORDER BY 1 ASC
[DEBUG] Raw database result: {
  revenue: '12369.00',
  totalOrders: 4,
  customers: 2,
  completedOrders: '2',
  pendingOrders: '1',
  processingOrders: '0',
  cancelledOrders: '0',
  highestOrder: '12321.00',
  lowestOrder: '12.00'
}
[DEBUG] Sending payload to frontend: {
  revenue: 12369,
  avgOrder: 3092.25,
  totalOrders: 4,
  customers: 2,
  completedOrders: 2,
  pendingOrders: 1,
  processingOrders: 0,
  cancelledOrders: 0,
  highestOrder: 12321,
  lowestOrder: 12,
  conversionRate: 50
}
GET /api/seller/analytics 304 - 10ms
[DEBUG] Chart data found: 2 records
GET /api/seller/analytics/chart 304 - 11ms
GET /api/seller/categories 304 - 3ms
GET /api/seller/categories 304 - 10ms
GET /api/seller/orders?search=&status= 304 - 6ms
GET /api/seller/categories 304 - 3ms
GET /api/seller/categories 304 - 4ms
GET /api/seller/my-products?search=&category= 404 - 2ms
GET /api/seller/categories 304 - 2ms
GET /api/seller/categories 304 - 3ms
GET /api/seller/orders?search=&status= 304 - 4ms
GET /api/seller/categories 304 - 6ms
GET /api/seller/categories 304 - 4ms
GET /api/seller/my-products?search=&category= 404 - 2ms
GET /api/seller/my-products 401 - 1ms
GET /api/seller/my-products?search=&category= 401 - 2ms
GET / 200 - 2ms
GET /api/seller/test 200 - 1ms
GET /api/buyer/profile 304 - 22ms
GET /api/buyer/profile 304 - 4ms
POST /api/auth/login 200 - 182ms
Dashboard requested for seller: 30
GET /api/seller/dashboard 304 - 2ms
Dashboard requested for seller: 30
GET /api/seller/dashboard 304 - 2ms
[DEBUG] Fetching chart data for Seller ID: 30, Period: 30days
[DEBUG] Analytics chart SQL: SELECT DATE(created_at) as date, COALESCE(SUM(total_price), 0) as amount, COUNT(*) as orders FROM orders WHERE seller_id = ? AND status = 'delivered' AND created_at >= DATE_SUB(NOW(), INTERVAL 30 DAY) GROUP BY 1 ORDER BY 1 ASC
[DEBUG] Fetching analytics for Seller ID: 30
[DEBUG] Chart data found: 2 records
GET /api/seller/analytics/chart 304 - 14ms
[DEBUG] Raw database result: {
  revenue: '12369.00',
  totalOrders: 4,
  customers: 2,
  completedOrders: '2',
  pendingOrders: '1',
  processingOrders: '0',
  cancelledOrders: '0',
  highestOrder: '12321.00',
  lowestOrder: '12.00'
}
[DEBUG] Sending payload to frontend: {
  revenue: 12369,
  avgOrder: 3092.25,
  totalOrders: 4,
  customers: 2,
  completedOrders: 2,
  pendingOrders: 1,
  processingOrders: 0,
  cancelledOrders: 0,
  highestOrder: 12321,
  lowestOrder: 12,
  conversionRate: 50
}
GET /api/seller/analytics 304 - 12ms
[DEBUG] Fetching chart data for Seller ID: 30, Period: 30days
[DEBUG] Analytics chart SQL: SELECT DATE(created_at) as date, COALESCE(SUM(total_price), 0) as amount, COUNT(*) as orders FROM orders WHERE seller_id = ? AND status = 'delivered' AND created_at >= DATE_SUB(NOW(), INTERVAL 30 DAY) GROUP BY 1 ORDER BY 1 ASC
[DEBUG] Fetching analytics for Seller ID: 30
[DEBUG] Chart data found: 2 records
GET /api/seller/analytics/chart 304 - 11ms
[DEBUG] Raw database result: {
  revenue: '12369.00',
  totalOrders: 4,
  customers: 2,
  completedOrders: '2',
  pendingOrders: '1',
  processingOrders: '0',
  cancelledOrders: '0',
  highestOrder: '12321.00',
  lowestOrder: '12.00'
}
[DEBUG] Sending payload to frontend: {
  revenue: 12369,
  avgOrder: 3092.25,
  totalOrders: 4,
  customers: 2,
  completedOrders: 2,
  pendingOrders: 1,
  processingOrders: 0,
  cancelledOrders: 0,
  highestOrder: 12321,
  lowestOrder: 12,
  conversionRate: 50
}
GET /api/seller/analytics 304 - 11ms
GET /api/seller/categories 304 - 3ms
GET /api/seller/categories 304 - 3ms
GET /api/seller/orders?search=&status= 304 - 6ms
GET /api/seller/categories 304 - 6ms
GET /api/seller/categories 304 - 3ms
GET /api/seller/my-products?search=&category= 404 - 3ms
GET /api/seller/categories 304 - 4ms
GET /api/seller/categories 304 - 6ms
GET /api/seller/orders?search=&status= 304 - 6ms
[DEBUG] Fetching analytics for Seller ID: 30
[DEBUG] Fetching chart data for Seller ID: 30, Period: 30days
[DEBUG] Analytics chart SQL: SELECT DATE(created_at) as date, COALESCE(SUM(total_price), 0) as amount, COUNT(*) as orders FROM orders WHERE seller_id = ? AND status = 'delivered' AND created_at >= DATE_SUB(NOW(), INTERVAL 30 DAY) GROUP BY 1 ORDER BY 1 ASC
[DEBUG] Raw database result: {
  revenue: '12369.00',
  totalOrders: 4,
  customers: 2,
  completedOrders: '2',
  pendingOrders: '1',
  processingOrders: '0',
  cancelledOrders: '0',
  highestOrder: '12321.00',
  lowestOrder: '12.00'
}
[DEBUG] Sending payload to frontend: {
  revenue: 12369,
  avgOrder: 3092.25,
  totalOrders: 4,
  customers: 2,
  completedOrders: 2,
  pendingOrders: 1,
  processingOrders: 0,
  cancelledOrders: 0,
  highestOrder: 12321,
  lowestOrder: 12,
  conversionRate: 50
}
GET /api/seller/analytics 304 - 12ms
[DEBUG] Chart data found: 2 records
GET /api/seller/analytics/chart 304 - 12ms
[DEBUG] Fetching analytics for Seller ID: 30
[DEBUG] Fetching chart data for Seller ID: 30, Period: 30days
[DEBUG] Analytics chart SQL: SELECT DATE(created_at) as date, COALESCE(SUM(total_price), 0) as amount, COUNT(*) as orders FROM orders WHERE seller_id = ? AND status = 'delivered' AND created_at >= DATE_SUB(NOW(), INTERVAL 30 DAY) GROUP BY 1 ORDER BY 1 ASC
[DEBUG] Raw database result: {
  revenue: '12369.00',
  totalOrders: 4,
  customers: 2,
  completedOrders: '2',
  pendingOrders: '1',
  processingOrders: '0',
  cancelledOrders: '0',
  highestOrder: '12321.00',
  lowestOrder: '12.00'
}
[DEBUG] Sending payload to frontend: {
  revenue: 12369,
  avgOrder: 3092.25,
  totalOrders: 4,
  customers: 2,
  completedOrders: 2,
  pendingOrders: 1,
  processingOrders: 0,
  cancelledOrders: 0,
  highestOrder: 12321,
  lowestOrder: 12,
  conversionRate: 50
}
GET /api/seller/analytics 304 - 11ms
[DEBUG] Chart data found: 2 records
GET /api/seller/analytics/chart 304 - 11ms
Dashboard requested for seller: 30
GET /api/seller/dashboard 304 - 2ms
Dashboard requested for seller: 30
GET /api/seller/dashboard 304 - 2ms
[DEBUG] Fetching analytics for Seller ID: 30
[DEBUG] Fetching chart data for Seller ID: 30, Period: 30days
[DEBUG] Analytics chart SQL: SELECT DATE(created_at) as date, COALESCE(SUM(total_price), 0) as amount, COUNT(*) as orders FROM orders WHERE seller_id = ? AND status = 'delivered' AND created_at >= DATE_SUB(NOW(), INTERVAL 30 DAY) GROUP BY 1 ORDER BY 1 ASC
[DEBUG] Raw database result: {
  revenue: '12369.00',
  totalOrders: 4,
  customers: 2,
  completedOrders: '2',
  pendingOrders: '1',
  processingOrders: '0',
  cancelledOrders: '0',
  highestOrder: '12321.00',
  lowestOrder: '12.00'
}
[DEBUG] Sending payload to frontend: {
  revenue: 12369,
  avgOrder: 3092.25,
  totalOrders: 4,
  customers: 2,
  completedOrders: 2,
  pendingOrders: 1,
  processingOrders: 0,
  cancelledOrders: 0,
  highestOrder: 12321,
  lowestOrder: 12,
  conversionRate: 50
}
GET /api/seller/analytics 304 - 7ms
[DEBUG] Chart data found: 2 records
GET /api/seller/analytics/chart 304 - 8ms
[DEBUG] Fetching analytics for Seller ID: 30
[DEBUG] Fetching chart data for Seller ID: 30, Period: 30days
[DEBUG] Analytics chart SQL: SELECT DATE(created_at) as date, COALESCE(SUM(total_price), 0) as amount, COUNT(*) as orders FROM orders WHERE seller_id = ? AND status = 'delivered' AND created_at >= DATE_SUB(NOW(), INTERVAL 30 DAY) GROUP BY 1 ORDER BY 1 ASC
[DEBUG] Raw database result: {
  revenue: '12369.00',
  totalOrders: 4,
  customers: 2,
  completedOrders: '2',
  pendingOrders: '1',
  processingOrders: '0',
  cancelledOrders: '0',
  highestOrder: '12321.00',
  lowestOrder: '12.00'
}
[DEBUG] Sending payload to frontend: {
  revenue: 12369,
  avgOrder: 3092.25,
  totalOrders: 4,
  customers: 2,
  completedOrders: 2,
  pendingOrders: 1,
  processingOrders: 0,
  cancelledOrders: 0,
  highestOrder: 12321,
  lowestOrder: 12,
  conversionRate: 50
}
GET /api/seller/analytics 304 - 10ms
[DEBUG] Chart data found: 2 records
GET /api/seller/analytics/chart 304 - 9ms
GET /api/seller/categories 304 - 4ms
GET /api/seller/categories 304 - 3ms
GET /api/seller/orders?search=&status= 304 - 6ms
GET /api/seller/categories 304 - 4ms
GET /api/seller/categories 304 - 7ms
GET /api/seller/my-products?search=&category= 404 - 2ms
GET /api/auth/profile 304 - 9ms
GET /api/auth/profile 304 - 3ms
GET /api/seller/categories 304 - 3ms
GET /api/seller/categories 304 - 8ms
GET /api/seller/my-products?search=&category= 404 - 2ms
GET /api/seller/test 200 - 3ms
GET /api/seller/my-products 401 - 1ms
GET /api/seller/my-products 401 - 21ms
GET /api/seller/my-products 404 - 3ms
GET /api/buyer/profile 304 - 3ms
GET /api/buyer/profile 304 - 5ms
GET /api/seller/categories 304 - 3ms
GET /api/buyer/profile 304 - 3ms
GET /api/seller/categories 304 - 6ms
GET /api/buyer/profile 304 - 6ms
POST /api/auth/login 200 - 178ms
Dashboard requested for seller: 30
GET /api/seller/dashboard 304 - 2ms
Dashboard requested for seller: 30
GET /api/seller/dashboard 304 - 4ms
[DEBUG] Fetching analytics for Seller ID: 30
[DEBUG] Fetching chart data for Seller ID: 30, Period: 30days
[DEBUG] Analytics chart SQL: SELECT DATE(created_at) as date, COALESCE(SUM(total_price), 0) as amount, COUNT(*) as orders FROM orders WHERE seller_id = ? AND status = 'delivered' AND created_at >= DATE_SUB(NOW(), INTERVAL 30 DAY) GROUP BY 1 ORDER BY 1 ASC
[DEBUG] Raw database result: {
  revenue: '12369.00',
  totalOrders: 4,
  customers: 2,
  completedOrders: '2',
  pendingOrders: '1',
  processingOrders: '0',
  cancelledOrders: '0',
  highestOrder: '12321.00',
  lowestOrder: '12.00'
}
[DEBUG] Sending payload to frontend: {
  revenue: 12369,
  avgOrder: 3092.25,
  totalOrders: 4,
  customers: 2,
  completedOrders: 2,
  pendingOrders: 1,
  processingOrders: 0,
  cancelledOrders: 0,
  highestOrder: 12321,
  lowestOrder: 12,
  conversionRate: 50
}
GET /api/seller/analytics 304 - 9ms
[DEBUG] Chart data found: 2 records
GET /api/seller/analytics/chart 304 - 10ms
[DEBUG] Fetching analytics for Seller ID: 30
[DEBUG] Fetching chart data for Seller ID: 30, Period: 30days
[DEBUG] Analytics chart SQL: SELECT DATE(created_at) as date, COALESCE(SUM(total_price), 0) as amount, COUNT(*) as orders FROM orders WHERE seller_id = ? AND status = 'delivered' AND created_at >= DATE_SUB(NOW(), INTERVAL 30 DAY) GROUP BY 1 ORDER BY 1 ASC
[DEBUG] Raw database result: {
  revenue: '12369.00',
  totalOrders: 4,
  customers: 2,
  completedOrders: '2',
  pendingOrders: '1',
  processingOrders: '0',
  cancelledOrders: '0',
  highestOrder: '12321.00',
  lowestOrder: '12.00'
}
[DEBUG] Sending payload to frontend: {
  revenue: 12369,
  avgOrder: 3092.25,
  totalOrders: 4,
  customers: 2,
  completedOrders: 2,
  pendingOrders: 1,
  processingOrders: 0,
  cancelledOrders: 0,
  highestOrder: 12321,
  lowestOrder: 12,
  conversionRate: 50
}
GET /api/seller/analytics 304 - 9ms
[DEBUG] Chart data found: 2 records
GET /api/seller/analytics/chart 304 - 12ms
GET /api/seller/categories 304 - 7ms
GET /api/seller/categories 304 - 3ms
GET /api/seller/orders?search=&status= 304 - 11ms
GET /api/seller/categories 304 - 5ms
GET /api/seller/categories 304 - 3ms
GET /api/seller/my-products?search=&category= 404 - 6ms
GET /api/seller/my-products?search=&category= 404 - 5ms
GET /api/seller/my-products?search=&category= 404 - 3ms
GET /api/seller/categories 304 - 3ms
GET /api/buyer/profile 304 - 3ms
GET /api/seller/categories 304 - 3ms
GET /api/buyer/profile 304 - 4ms
GET /api/seller/my-products?search=&category= 404 - 5ms
GET /api/buyer/profile 304 - 3ms
GET /api/buyer/profile 304 - 5ms
POST /api/auth/login 200 - 157ms
Dashboard requested for seller: 30
GET /api/seller/dashboard 304 - 2ms
Dashboard requested for seller: 30
GET /api/seller/dashboard 304 - 2ms
[DEBUG] Fetching analytics for Seller ID: 30
[DEBUG] Fetching chart data for Seller ID: 30, Period: 30days
[DEBUG] Analytics chart SQL: SELECT DATE(created_at) as date, COALESCE(SUM(total_price), 0) as amount, COUNT(*) as orders FROM orders WHERE seller_id = ? AND status = 'delivered' AND created_at >= DATE_SUB(NOW(), INTERVAL 30 DAY) GROUP BY 1 ORDER BY 1 ASC
[DEBUG] Raw database result: {
  revenue: '12369.00',
  totalOrders: 4,
  customers: 2,
  completedOrders: '2',
  pendingOrders: '1',
  processingOrders: '0',
  cancelledOrders: '0',
  highestOrder: '12321.00',
  lowestOrder: '12.00'
}
[DEBUG] Sending payload to frontend: {
  revenue: 12369,
  avgOrder: 3092.25,
  totalOrders: 4,
  customers: 2,
  completedOrders: 2,
  pendingOrders: 1,
  processingOrders: 0,
  cancelledOrders: 0,
  highestOrder: 12321,
  lowestOrder: 12,
  conversionRate: 50
}
GET /api/seller/analytics 304 - 7ms
[DEBUG] Chart data found: 2 records
GET /api/seller/analytics/chart 304 - 8ms
[DEBUG] Fetching analytics for Seller ID: 30
[DEBUG] Fetching chart data for Seller ID: 30, Period: 30days
[DEBUG] Analytics chart SQL: SELECT DATE(created_at) as date, COALESCE(SUM(total_price), 0) as amount, COUNT(*) as orders FROM orders WHERE seller_id = ? AND status = 'delivered' AND created_at >= DATE_SUB(NOW(), INTERVAL 30 DAY) GROUP BY 1 ORDER BY 1 ASC
[DEBUG] Raw database result: {
  revenue: '12369.00',
  totalOrders: 4,
  customers: 2,
  completedOrders: '2',
  pendingOrders: '1',
  processingOrders: '0',
  cancelledOrders: '0',
  highestOrder: '12321.00',
  lowestOrder: '12.00'
}
[DEBUG] Sending payload to frontend: {
  revenue: 12369,
  avgOrder: 3092.25,
  totalOrders: 4,
  customers: 2,
  completedOrders: 2,
  pendingOrders: 1,
  processingOrders: 0,
  cancelledOrders: 0,
  highestOrder: 12321,
  lowestOrder: 12,
  conversionRate: 50
}
GET /api/seller/analytics 304 - 7ms
[DEBUG] Chart data found: 2 records
GET /api/seller/analytics/chart 304 - 8ms
GET /api/seller/categories 304 - 3ms
GET /api/seller/categories 304 - 3ms
GET /api/seller/orders?search=&status= 304 - 4ms
GET /api/seller/categories 304 - 9ms
GET /api/seller/categories 304 - 8ms
GET /api/seller/my-products?search=&category= 404 - 2ms
GET /api/seller/categories 304 - 3ms
GET /api/buyer/profile 304 - 3ms
GET /api/seller/categories 304 - 3ms
GET /api/buyer/profile 304 - 4ms
GET /api/seller/my-products?search=&category= 404 - 3ms
GET /api/buyer/profile 304 - 3ms
GET /api/buyer/profile 304 - 3ms
POST /api/auth/login 200 - 153ms
Dashboard requested for seller: 30
GET /api/seller/dashboard 304 - 1ms
Dashboard requested for seller: 30
GET /api/seller/dashboard 304 - 3ms
[DEBUG] Fetching analytics for Seller ID: 30
[DEBUG] Fetching chart data for Seller ID: 30, Period: 30days
[DEBUG] Analytics chart SQL: SELECT DATE(created_at) as date, COALESCE(SUM(total_price), 0) as amount, COUNT(*) as orders FROM orders WHERE seller_id = ? AND status = 'delivered' AND created_at >= DATE_SUB(NOW(), INTERVAL 30 DAY) GROUP BY 1 ORDER BY 1 ASC
[DEBUG] Raw database result: {
  revenue: '12369.00',
  totalOrders: 4,
  customers: 2,
  completedOrders: '2',
  pendingOrders: '1',
  processingOrders: '0',
  cancelledOrders: '0',
  highestOrder: '12321.00',
  lowestOrder: '12.00'
}
[DEBUG] Sending payload to frontend: {
  revenue: 12369,
  avgOrder: 3092.25,
  totalOrders: 4,
  customers: 2,
  completedOrders: 2,
  pendingOrders: 1,
  processingOrders: 0,
  cancelledOrders: 0,
  highestOrder: 12321,
  lowestOrder: 12,
  conversionRate: 50
}
GET /api/seller/analytics 304 - 9ms
[DEBUG] Chart data found: 2 records
GET /api/seller/analytics/chart 304 - 14ms
[DEBUG] Fetching analytics for Seller ID: 30
[DEBUG] Fetching chart data for Seller ID: 30, Period: 30days
[DEBUG] Analytics chart SQL: SELECT DATE(created_at) as date, COALESCE(SUM(total_price), 0) as amount, COUNT(*) as orders FROM orders WHERE seller_id = ? AND status = 'delivered' AND created_at >= DATE_SUB(NOW(), INTERVAL 30 DAY) GROUP BY 1 ORDER BY 1 ASC
[DEBUG] Raw database result: {
  revenue: '12369.00',
  totalOrders: 4,
  customers: 2,
  completedOrders: '2',
  pendingOrders: '1',
  processingOrders: '0',
  cancelledOrders: '0',
  highestOrder: '12321.00',
  lowestOrder: '12.00'
}
[DEBUG] Sending payload to frontend: {
  revenue: 12369,
  avgOrder: 3092.25,
  totalOrders: 4,
  customers: 2,
  completedOrders: 2,
  pendingOrders: 1,
  processingOrders: 0,
  cancelledOrders: 0,
  highestOrder: 12321,
  lowestOrder: 12,
  conversionRate: 50
}
GET /api/seller/analytics 304 - 9ms
[DEBUG] Chart data found: 2 records
GET /api/seller/analytics/chart 304 - 9ms
GET /api/seller/categories 304 - 3ms
GET /api/seller/categories 304 - 11ms
GET /api/seller/orders?search=&status= 304 - 7ms
GET /api/seller/categories 304 - 2ms
GET /api/seller/categories 304 - 4ms
GET /api/seller/my-products?search=&category= 404 - 5ms
GET /api/seller/categories 304 - 3ms
GET /api/buyer/profile 304 - 3ms
GET /api/seller/categories 304 - 5ms
GET /api/buyer/profile 304 - 5ms
GET /api/seller/my-products?search=&category= 404 - 4ms
GET /api/seller/my-products 404 - 6ms
GET /api/seller/my-products 404 - 2ms
GET /api/seller/my-products 404 - 3ms
GET /api/seller/my-products 404 - 3ms
